
  [1;31mWe've found a bug for you![0m
  [36mtests_bucklescript/operations/errors/missingField2.re[0m:[2m13:9-28[0m

  11 [2mâ”†[0m {|
  12 [2mâ”†[0m query {
  [1;31m13[0m [2mâ”†[0m   l1: [1;31mthisTypeDoesNotExist[0m {
  14 [2mâ”†[0m     ...Fragments
  15 [2mâ”†[0m   }

  Unknown field 'thisTypeDoesNotExist' on type Query

