
  [1;31mWe've found a bug for you![0m
  [36mtests_bucklescript/operations/errors/missingFragment.re[0m:[2m3:28-42[0m

  1 [2mâ”‚[0m module Fragment = [%graphql
  2 [2mâ”‚[0m   {|
  [1;31m3[0m [2mâ”‚[0m   fragment ListFragment on [1;31mUnknownFragment[0m {
  4 [2mâ”‚[0m     nullableOfNullable
  5 [2mâ”‚[0m     nullableOfNonNullable

  Can't find fragment type: UnknownFragment

