
  [1;31mWe've found a bug for you![0m
  [36msnapshot_tests/operations/errors/fragmentTemplateTagWrongTypeOnFragmentReverse.res[0m:[2m11:8-24[0m

   9 [2mâ”‚[0m   fragment ListFragment on Lists  {
  10 [2mâ”‚[0m     nullableOfNullable
  [1;31m11[0m [2mâ”‚[0m     ...[1;31mListFragmentInner[0m
  12 [2mâ”‚[0m   }
  13 [2mâ”‚[0m `)
  14 [2mâ”‚[0m 

  This has type: [1;31mbool[0m
  But this function argument is expecting: [1;33mstring[0m

