
  [1;31mWe've found a bug for you![0m
  [36msnapshot_tests/operations/errors/invalidArgVariableType1.res[0m:[2m8:25-28[0m

   6 [2mâ”‚[0m   query invalidArgValues {
   7 [2mâ”‚[0m     invalidArgValues(
   [1;31m8[0m [2mâ”‚[0m         stringRequired: [1;31m$arg[0m
   9 [2mâ”‚[0m     )
  10 [2mâ”‚[0m   }
  11 [2mâ”‚[0m `)

  Invalid argument. The variable "$arg" on argument "stringRequired" is missing.

