
  [1;31mWe've found a bug for you![0m
  [36msnapshot_tests/operations/errors/InvalidObjectValues4.res[0m:[2m9:32-34[0m

   7 [2mâ”†[0m nonRec: {
   8 [2mâ”†[0m     nonNullableField: "!"
   [1;31m9[0m [2mâ”†[0m     nullableArray: [1;31m[2][0m
  10 [2mâ”†[0m     field: ""
  11 [2mâ”†[0m     enum: FIRST
  12 [2mâ”†[0m }

  Invalid argument. Expected "[String]" but received "[Int!]!".

