
  [1;31mWe've found a bug for you![0m
  [36msnapshot_tests/operations/errors/invalidObjectValues7.res[0m:[2m17:36[0m

  15 [2mâ”‚[0m     query {
  16 [2mâ”‚[0m         invalidObjectValuesLst(
  [1;31m17[0m [2mâ”‚[0m             embeddedList: [{field: [1;31m5[0m}]
  18 [2mâ”‚[0m         )
  19 [2mâ”‚[0m     }
  20 [2mâ”‚[0m `)

  Invalid argument. Expected "String!" but received "Int!".

