
  [1;31mWe've found a bug for you![0m
  [36msnapshot_tests/operations/errors/InvalidObjectValues2.res[0m:[2m7:13-18[0m

  5 [2mâ”†[0m query {
  6 [2mâ”†[0m     invalidObjectValues(
  [1;31m7[0m [2mâ”†[0m         [1;31mnonRec[0m: {
  8 [2mâ”†[0m             nullableArray: [""]
  9 [2mâ”†[0m             field: ""

  Invalid argument. The field "nonNullableField" on argument "nonRec" is missing.

