
  [1;31mWe've found a bug for you![0m
  [36msnapshot_tests/operations/errors/invalidObjectValues6.res[0m:[2m17:27-37[0m

  15 [2mâ”‚[0m     query {
  16 [2mâ”‚[0m         invalidObjectValuesLst(
  [1;31m17[0m [2mâ”‚[0m             embeddedList: [1;31m{field: ""}[0m
  18 [2mâ”‚[0m         )
  19 [2mâ”‚[0m     }
  20 [2mâ”‚[0m `)

  Invalid argument. Expected "[InputObject]!" but received "InputObject!".

