
  [1;31mWe've found a bug for you![0m
  [36msnapshot_tests/operations/errors/invalidArgVariableType5.re[0m:[2m9:25-28[0m

   7 [2mâ”†[0m   invalidArgValues(
   8 [2mâ”†[0m       id: $arg
   [1;31m9[0m [2mâ”†[0m       stringRequired: [1;31m$arg[0m
  10 [2mâ”†[0m   )
  11 [2mâ”†[0m }

  Invalid argument. Trying to apply the nullable variable "$arg" to the required argument "stringRequired".

