
  [1;31mWe've found a bug for you![0m
  [36msnapshot_tests/operations/errors/invalidArgVariableType3.re[0m:[2m9:17-21[0m

   7 [2mâ”†[0m   invalidArgValues(
   8 [2mâ”†[0m       stringRequired: $arg
   [1;31m9[0m [2mâ”†[0m       string: [1;31m$arg2[0m
  10 [2mâ”†[0m   )
  11 [2mâ”†[0m }

  Invalid argument. Expected "String" but received "Int".

