
  [1;31mWe've found a bug for you![0m
  [36msnapshot_tests/operations/errors/invalidDefaultValue2.res[0m:[2m7:14-26[0m

  5 [2mâ”‚[0m   query invalidDefaultValues {
  6 [2mâ”‚[0m     invalidDefaultValues(
  [1;31m7[0m [2mâ”‚[0m         int: [1;31m{test: "xxx"}[0m
  8 [2mâ”‚[0m     )
  9 [2mâ”‚[0m   }
 10 [2mâ”‚[0m `)

  Invalid argument. Expected "Int" but received "InputObject!".

