
  [1;31mWe've found a bug for you![0m
  [36msnapshot_tests/operations/errors/invalidArgVariableType3.res[0m:[2m8:17-21[0m

   6 [2mâ”‚[0m     invalidArgValues(
   7 [2mâ”‚[0m         stringRequired: $arg
   [1;31m8[0m [2mâ”‚[0m         string: [1;31m$arg2[0m
   9 [2mâ”‚[0m     )
  10 [2mâ”‚[0m   }
  11 [2mâ”‚[0m `)

  Invalid argument. Expected "String" but received "Int".

