
  [1;31mWe've found a bug for you![0m
  [36msnapshot_tests/operations/errors/invalidObjectValues7.re[0m:[2m20:36[0m

  18 [2mâ”†[0m query {
  19 [2mâ”†[0m     invalidObjectValuesLst(
  [1;31m20[0m [2mâ”†[0m         embeddedList: [{field: [1;31m5[0m}]
  21 [2mâ”†[0m     )
  22 [2mâ”†[0m }

  Invalid argument. Expected "String!" but received "Int!".

