
  [1;31mWe've found a bug for you![0m
  [36msnapshot_tests/operations/errors/invalidArgVariableType6.res[0m:[2m7:15-18[0m

  5 [2mâ”†[0m query invalidArgValues($arg: String) {
  6 [2mâ”†[0m   invalidArgValues(
  [1;31m7[0m [2mâ”†[0m       list: [1;31m$arg[0m
  8 [2mâ”†[0m       stringRequired: ""
  9 [2mâ”†[0m   )
 10 [2mâ”†[0m }

  Invalid argument. Expected "[String]" but received "String".

