
  [1;31mWe've found a bug for you![0m
  [36msnapshot_tests/operations/errors/invalidArgVariableType4.res[0m:[2m9:14-18[0m

   7 [2mâ”†[0m   invalidArgValues(
   8 [2mâ”†[0m       custom: $arg
   [1;31m9[0m [2mâ”†[0m       obj: [1;31m$arg2[0m
  10 [2mâ”†[0m       stringRequired: ""
  11 [2mâ”†[0m   )
  12 [2mâ”†[0m }

  Invalid argument. Expected "InputObject" but received "Int".

