
  [1;31mWe've found a bug for you![0m
  [36msnapshot_tests/operations/errors/wrongArguments.re[0m:[2m14:7-25[0m

  12 [2mâ”†[0m   lists {
  13 [2mâ”†[0m     nonNullableOfNullable
  [1;31m14[0m [2mâ”†[0m     [1;31m...FragmentWithArgs[0m
  15 [2mâ”†[0m   }
  16 [2mâ”†[0m }

  [1;33mThis call is missing an argument[0m of type (~arg1: [#String])

