[@ocaml.ppx.context
  {
    tool_name: "ppx_driver",
    include_dirs: [],
    load_path: [],
    open_modules: [],
    for_package: None,
    debug: false,
    use_threads: false,
    use_vmthreads: false,
    recursive_types: false,
    principal: false,
    transparent_modules: false,
    unboxed_types: false,
    unsafe_string: false,
    cookies: [],
  }
];
module Normal: {
  [@ocaml.warning "-32-30"];
  module Raw: {
    type t;
    type t_variables;
  };
  type t_dogOrHuman_Dog = {
    name: string,
    barkVolume: float,
  };
  type t_dogOrHuman_Human = {name: string};
  type t_dogOrHuman = [
    | `FutureAddedValue(Graphql_ppx_runtime.Json.t)
    | `Dog(t_dogOrHuman_Dog)
    | `Human(t_dogOrHuman_Human)
  ];
  type t = {dogOrHuman: t_dogOrHuman};
  type t_variables = unit;
  /** The GraphQL query */
  let query: string;
  /** Parse the JSON-compatible GraphQL data to ReasonML data types */
  let parse: Raw.t => t;
  /** Serialize the ReasonML GraphQL data that was parsed using the parse
function back to the original JSON compatible data */
  let serialize: t => Raw.t;
  let serializeVariables: unit => Raw.t_variables;
  let makeVariables: unit => t_variables;
  let makeDefaultVariables: unit => t_variables;
  external unsafe_fromJson: Graphql_ppx_runtime.Json.t => Raw.t = "%identity";
  external toJson: Raw.t => Graphql_ppx_runtime.Json.t = "%identity";
  external variablesToJson: Raw.t_variables => Graphql_ppx_runtime.Json.t =
    "%identity";
} = {
  [@ocaml.warning "-32-30"];
  module Raw = {
    type t = Graphql_ppx_runtime.Json.t;
    type t_variables = Graphql_ppx_runtime.Json.t;
  };
  type t_dogOrHuman_Dog = {
    name: string,
    barkVolume: float,
  };
  type t_dogOrHuman_Human = {name: string};
  type t_dogOrHuman = [
    | `FutureAddedValue(Graphql_ppx_runtime.Json.t)
    | `Dog(t_dogOrHuman_Dog)
    | `Human(t_dogOrHuman_Human)
  ];
  type t = {dogOrHuman: t_dogOrHuman};
  type t_variables = unit;
  let query = "query   {\ndogOrHuman  {\n__typename\n...on Dog   {\nname  \nbarkVolume  \n}\n\n...on Human   {\nname  \n}\n\n}\n\n}\n";
  let parse: Raw.t => t =
    (value) => (
      {
        dogOrHuman: {
          let value = Graphql_ppx_runtime.Json.member("dogOrHuman", value);
          let typename: string =
            value
            |> Graphql_ppx_runtime.Json.member("__typename")
            |> Graphql_ppx_runtime.Json.to_string;
          (
            switch (typename) {
            | "Dog" =>
              `Dog(
                {
                  name: {
                    let value =
                      Graphql_ppx_runtime.Json.member("name", value);
                    Graphql_ppx_runtime.Json.to_string(value);
                  },
                  barkVolume: {
                    let value =
                      Graphql_ppx_runtime.Json.member("barkVolume", value);
                    Graphql_ppx_runtime.Json.to_float(value);
                  },
                }: t_dogOrHuman_Dog,
              )
            | "Human" =>
              `Human(
                {
                  name: {
                    let value =
                      Graphql_ppx_runtime.Json.member("name", value);
                    Graphql_ppx_runtime.Json.to_string(value);
                  },
                }: t_dogOrHuman_Human,
              )
            | _ => `FutureAddedValue(value)
            }: t_dogOrHuman
          );
        },
      }: t
    );
  let serialize: t => Raw.t =
    value => {
      let dogOrHuman = {
        let value = (value: t).dogOrHuman;
        switch (value) {
        | `Dog(value) =>
          let barkVolume = {
            let value = (value: t_dogOrHuman_Dog).barkVolume;
            `Float(value);
          }
          and name = {
            let value = (value: t_dogOrHuman_Dog).name;
            `String(value);
          };
          `Assoc([
            ("__typename", `String("Dog")),
            ("name", name),
            ("barkVolume", barkVolume),
          ]);
        | `Human(value) =>
          let name = {
            let value = (value: t_dogOrHuman_Human).name;
            `String(value);
          };
          `Assoc([("__typename", `String("Human")), ("name", name)]);
        | `FutureAddedValue(value) => value
        };
      };
      `Assoc([("dogOrHuman", dogOrHuman)]);
    };
  let serializeVariables = () => `Null;
  let makeVariables = () => ();
  let makeDefaultVariables = () => makeVariables();
  external unsafe_fromJson: Graphql_ppx_runtime.Json.t => Raw.t = "%identity";
  external toJson: Raw.t => Graphql_ppx_runtime.Json.t = "%identity";
  external variablesToJson: Raw.t_variables => Graphql_ppx_runtime.Json.t =
    "%identity";
};
module ByConfig: {
  [@ocaml.warning "-32-30"];
  module Raw: {
    type t;
    type t_variables;
  };
  type t_dogOrHuman_Dog = {
    name: string,
    barkVolume: float,
  };
  type t_dogOrHuman_Human = {name: string};
  type t_dogOrHuman = [
    | `Dog(t_dogOrHuman_Dog)
    | `Human(t_dogOrHuman_Human)
  ];
  type t = {dogOrHuman: t_dogOrHuman};
  type t_variables = unit;
  /** The GraphQL query */
  let query: string;
  /** Parse the JSON-compatible GraphQL data to ReasonML data types */
  let parse: Raw.t => t;
  /** Serialize the ReasonML GraphQL data that was parsed using the parse
function back to the original JSON compatible data */
  let serialize: t => Raw.t;
  let serializeVariables: unit => Raw.t_variables;
  let makeVariables: unit => t_variables;
  let makeDefaultVariables: unit => t_variables;
  external unsafe_fromJson: Graphql_ppx_runtime.Json.t => Raw.t = "%identity";
  external toJson: Raw.t => Graphql_ppx_runtime.Json.t = "%identity";
  external variablesToJson: Raw.t_variables => Graphql_ppx_runtime.Json.t =
    "%identity";
} = {
  [@ocaml.warning "-32-30"];
  module Raw = {
    type t = Graphql_ppx_runtime.Json.t;
    type t_variables = Graphql_ppx_runtime.Json.t;
  };
  type t_dogOrHuman_Dog = {
    name: string,
    barkVolume: float,
  };
  type t_dogOrHuman_Human = {name: string};
  type t_dogOrHuman = [
    | `Dog(t_dogOrHuman_Dog)
    | `Human(t_dogOrHuman_Human)
  ];
  type t = {dogOrHuman: t_dogOrHuman};
  type t_variables = unit;
  let query = "query   {\ndogOrHuman  {\n__typename\n...on Dog   {\nname  \nbarkVolume  \n}\n\n...on Human   {\nname  \n}\n\n}\n\n}\n";
  let parse: Raw.t => t =
    (value) => (
      {
        dogOrHuman: {
          let value = Graphql_ppx_runtime.Json.member("dogOrHuman", value);
          let typename: string =
            value
            |> Graphql_ppx_runtime.Json.member("__typename")
            |> Graphql_ppx_runtime.Json.to_string;
          (
            switch (typename) {
            | "Dog" =>
              `Dog(
                {
                  name: {
                    let value =
                      Graphql_ppx_runtime.Json.member("name", value);
                    Graphql_ppx_runtime.Json.to_string(value);
                  },
                  barkVolume: {
                    let value =
                      Graphql_ppx_runtime.Json.member("barkVolume", value);
                    Graphql_ppx_runtime.Json.to_float(value);
                  },
                }: t_dogOrHuman_Dog,
              )
            | "Human" =>
              `Human(
                {
                  name: {
                    let value =
                      Graphql_ppx_runtime.Json.member("name", value);
                    Graphql_ppx_runtime.Json.to_string(value);
                  },
                }: t_dogOrHuman_Human,
              )
            | _ => raise(Not_found)
            }: t_dogOrHuman
          );
        },
      }: t
    );
  let serialize: t => Raw.t =
    value => {
      let dogOrHuman = {
        let value = (value: t).dogOrHuman;
        switch (value) {
        | `Dog(value) =>
          let barkVolume = {
            let value = (value: t_dogOrHuman_Dog).barkVolume;
            `Float(value);
          }
          and name = {
            let value = (value: t_dogOrHuman_Dog).name;
            `String(value);
          };
          `Assoc([
            ("__typename", `String("Dog")),
            ("name", name),
            ("barkVolume", barkVolume),
          ]);
        | `Human(value) =>
          let name = {
            let value = (value: t_dogOrHuman_Human).name;
            `String(value);
          };
          `Assoc([("__typename", `String("Human")), ("name", name)]);
        };
      };
      `Assoc([("dogOrHuman", dogOrHuman)]);
    };
  let serializeVariables = () => `Null;
  let makeVariables = () => ();
  let makeDefaultVariables = () => makeVariables();
  external unsafe_fromJson: Graphql_ppx_runtime.Json.t => Raw.t = "%identity";
  external toJson: Raw.t => Graphql_ppx_runtime.Json.t = "%identity";
  external variablesToJson: Raw.t_variables => Graphql_ppx_runtime.Json.t =
    "%identity";
};
module ByDirective: {
  [@ocaml.warning "-32-30"];
  module Raw: {
    type t;
    type t_variables;
  };
  type t_dogOrHuman_Dog = {
    name: string,
    barkVolume: float,
  };
  type t_dogOrHuman_Human = {name: string};
  type t_dogOrHuman = [
    | `Dog(t_dogOrHuman_Dog)
    | `Human(t_dogOrHuman_Human)
  ];
  type t = {dogOrHuman: t_dogOrHuman};
  type t_variables = unit;
  /** The GraphQL query */
  let query: string;
  /** Parse the JSON-compatible GraphQL data to ReasonML data types */
  let parse: Raw.t => t;
  /** Serialize the ReasonML GraphQL data that was parsed using the parse
function back to the original JSON compatible data */
  let serialize: t => Raw.t;
  let serializeVariables: unit => Raw.t_variables;
  let makeVariables: unit => t_variables;
  let makeDefaultVariables: unit => t_variables;
  external unsafe_fromJson: Graphql_ppx_runtime.Json.t => Raw.t = "%identity";
  external toJson: Raw.t => Graphql_ppx_runtime.Json.t = "%identity";
  external variablesToJson: Raw.t_variables => Graphql_ppx_runtime.Json.t =
    "%identity";
} = {
  [@ocaml.warning "-32-30"];
  module Raw = {
    type t = Graphql_ppx_runtime.Json.t;
    type t_variables = Graphql_ppx_runtime.Json.t;
  };
  type t_dogOrHuman_Dog = {
    name: string,
    barkVolume: float,
  };
  type t_dogOrHuman_Human = {name: string};
  type t_dogOrHuman = [
    | `Dog(t_dogOrHuman_Dog)
    | `Human(t_dogOrHuman_Human)
  ];
  type t = {dogOrHuman: t_dogOrHuman};
  type t_variables = unit;
  let query = "query   {\ndogOrHuman  {\n__typename\n...on Dog   {\nname  \nbarkVolume  \n}\n\n...on Human   {\nname  \n}\n\n}\n\n}\n";
  let parse: Raw.t => t =
    (value) => (
      {
        dogOrHuman: {
          let value = Graphql_ppx_runtime.Json.member("dogOrHuman", value);
          let typename: string =
            value
            |> Graphql_ppx_runtime.Json.member("__typename")
            |> Graphql_ppx_runtime.Json.to_string;
          (
            switch (typename) {
            | "Dog" =>
              `Dog(
                {
                  name: {
                    let value =
                      Graphql_ppx_runtime.Json.member("name", value);
                    Graphql_ppx_runtime.Json.to_string(value);
                  },
                  barkVolume: {
                    let value =
                      Graphql_ppx_runtime.Json.member("barkVolume", value);
                    Graphql_ppx_runtime.Json.to_float(value);
                  },
                }: t_dogOrHuman_Dog,
              )
            | "Human" =>
              `Human(
                {
                  name: {
                    let value =
                      Graphql_ppx_runtime.Json.member("name", value);
                    Graphql_ppx_runtime.Json.to_string(value);
                  },
                }: t_dogOrHuman_Human,
              )
            | _ => raise(Not_found)
            }: t_dogOrHuman
          );
        },
      }: t
    );
  let serialize: t => Raw.t =
    value => {
      let dogOrHuman = {
        let value = (value: t).dogOrHuman;
        switch (value) {
        | `Dog(value) =>
          let barkVolume = {
            let value = (value: t_dogOrHuman_Dog).barkVolume;
            `Float(value);
          }
          and name = {
            let value = (value: t_dogOrHuman_Dog).name;
            `String(value);
          };
          `Assoc([
            ("__typename", `String("Dog")),
            ("name", name),
            ("barkVolume", barkVolume),
          ]);
        | `Human(value) =>
          let name = {
            let value = (value: t_dogOrHuman_Human).name;
            `String(value);
          };
          `Assoc([("__typename", `String("Human")), ("name", name)]);
        };
      };
      `Assoc([("dogOrHuman", dogOrHuman)]);
    };
  let serializeVariables = () => `Null;
  let makeVariables = () => ();
  let makeDefaultVariables = () => makeVariables();
  external unsafe_fromJson: Graphql_ppx_runtime.Json.t => Raw.t = "%identity";
  external toJson: Raw.t => Graphql_ppx_runtime.Json.t = "%identity";
  external variablesToJson: Raw.t_variables => Graphql_ppx_runtime.Json.t =
    "%identity";
};
